  Determining projects to restore...
  All projects are up-to-date for restore.
  UCCP.SBD.Membership.Domain.Shared -> C:\UCCP_SBD_Membership_App\UCCP.SBD.Membership\aspnet-core\src\UCCP.SBD.Membership.Domain.Shared\bin\Debug\net9.0\UCCP.SBD.Membership.Domain.Shared.dll
  UCCP.SBD.Membership.Domain -> C:\UCCP_SBD_Membership_App\UCCP.SBD.Membership\aspnet-core\src\UCCP.SBD.Membership.Domain\bin\Debug\net9.0\UCCP.SBD.Membership.Domain.dll
C:\UCCP_SBD_Membership_App\UCCP.SBD.Membership\aspnet-core\src\UCCP.SBD.Membership.EntityFrameworkCore\EntityFrameworkCore\MembershipDbContext.cs(74,15): error CS1061: 'EntityTypeBuilder<Member>' does not contain a definition for 'ConfigureByConvention' and no accessible extension method 'ConfigureByConvention' accepting a first argument of type 'EntityTypeBuilder<Member>' could be found (are you missing a using directive or an assembly reference?) [C:\UCCP_SBD_Membership_App\UCCP.SBD.Membership\aspnet-core\src\UCCP.SBD.Membership.EntityFrameworkCore\UCCP.SBD.Membership.EntityFrameworkCore.csproj]
C:\UCCP_SBD_Membership_App\UCCP.SBD.Membership\aspnet-core\src\UCCP.SBD.Membership.EntityFrameworkCore\EntityFrameworkCore\MembershipDbContext.cs(92,15): error CS1061: 'EntityTypeBuilder<MembershipType>' does not contain a definition for 'ConfigureByConvention' and no accessible extension method 'ConfigureByConvention' accepting a first argument of type 'EntityTypeBuilder<MembershipType>' could be found (are you missing a using directive or an assembly reference?) [C:\UCCP_SBD_Membership_App\UCCP.SBD.Membership\aspnet-core\src\UCCP.SBD.Membership.EntityFrameworkCore\UCCP.SBD.Membership.EntityFrameworkCore.csproj]
C:\UCCP_SBD_Membership_App\UCCP.SBD.Membership\aspnet-core\src\UCCP.SBD.Membership.EntityFrameworkCore\EntityFrameworkCore\MembershipDbContext.cs(103,15): error CS1061: 'EntityTypeBuilder<Organization>' does not contain a definition for 'ConfigureByConvention' and no accessible extension method 'ConfigureByConvention' accepting a first argument of type 'EntityTypeBuilder<Organization>' could be found (are you missing a using directive or an assembly reference?) [C:\UCCP_SBD_Membership_App\UCCP.SBD.Membership\aspnet-core\src\UCCP.SBD.Membership.EntityFrameworkCore\UCCP.SBD.Membership.EntityFrameworkCore.csproj]

Build FAILED.

C:\UCCP_SBD_Membership_App\UCCP.SBD.Membership\aspnet-core\src\UCCP.SBD.Membership.EntityFrameworkCore\EntityFrameworkCore\MembershipDbContext.cs(74,15): error CS1061: 'EntityTypeBuilder<Member>' does not contain a definition for 'ConfigureByConvention' and no accessible extension method 'ConfigureByConvention' accepting a first argument of type 'EntityTypeBuilder<Member>' could be found (are you missing a using directive or an assembly reference?) [C:\UCCP_SBD_Membership_App\UCCP.SBD.Membership\aspnet-core\src\UCCP.SBD.Membership.EntityFrameworkCore\UCCP.SBD.Membership.EntityFrameworkCore.csproj]
C:\UCCP_SBD_Membership_App\UCCP.SBD.Membership\aspnet-core\src\UCCP.SBD.Membership.EntityFrameworkCore\EntityFrameworkCore\MembershipDbContext.cs(92,15): error CS1061: 'EntityTypeBuilder<MembershipType>' does not contain a definition for 'ConfigureByConvention' and no accessible extension method 'ConfigureByConvention' accepting a first argument of type 'EntityTypeBuilder<MembershipType>' could be found (are you missing a using directive or an assembly reference?) [C:\UCCP_SBD_Membership_App\UCCP.SBD.Membership\aspnet-core\src\UCCP.SBD.Membership.EntityFrameworkCore\UCCP.SBD.Membership.EntityFrameworkCore.csproj]
C:\UCCP_SBD_Membership_App\UCCP.SBD.Membership\aspnet-core\src\UCCP.SBD.Membership.EntityFrameworkCore\EntityFrameworkCore\MembershipDbContext.cs(103,15): error CS1061: 'EntityTypeBuilder<Organization>' does not contain a definition for 'ConfigureByConvention' and no accessible extension method 'ConfigureByConvention' accepting a first argument of type 'EntityTypeBuilder<Organization>' could be found (are you missing a using directive or an assembly reference?) [C:\UCCP_SBD_Membership_App\UCCP.SBD.Membership\aspnet-core\src\UCCP.SBD.Membership.EntityFrameworkCore\UCCP.SBD.Membership.EntityFrameworkCore.csproj]
    0 Warning(s)
    3 Error(s)

Time Elapsed 00:00:02.24

Workload updates are available. Run `dotnet workload list` for more information.
